// Jest Snapshot v1, https://goo.gl/fbAQLP

exports[`Nav matches the snapshot 1`] = `
ShallowWrapper {
  Symbol(enzyme.__root__): [Circular],
  Symbol(enzyme.__unrendered__): <Nav />,
  Symbol(enzyme.__renderer__): Object {
    "batchedUpdates": [Function],
    "getNode": [Function],
    "render": [Function],
    "simulateError": [Function],
    "simulateEvent": [Function],
    "unmount": [Function],
  },
  Symbol(enzyme.__node__): Object {
    "instance": null,
    "key": undefined,
    "nodeType": "function",
    "props": Object {
      "children": Array [
        <NavLink
          activeClassName="active"
          aria-current="page"
          className="nav-link"
          exact={true}
          to="/people"
        >
          PEOPLE
        </NavLink>,
        <NavLink
          activeClassName="active"
          aria-current="page"
          className="nav-link"
          exact={true}
          to="/planets"
        >
          PLANETS
        </NavLink>,
        <NavLink
          activeClassName="active"
          aria-current="page"
          className="nav-link"
          exact={true}
          to="/vehicles"
        >
          VEHICLES
        </NavLink>,
        <NavLink
          activeClassName="active"
          aria-current="page"
          className="nav-link"
          exact={true}
          to="/favorites"
        >
          FAVORITES [num]
        </NavLink>,
      ],
    },
    "ref": null,
    "rendered": Array [
      Object {
        "instance": null,
        "key": undefined,
        "nodeType": "function",
        "props": Object {
          "activeClassName": "active",
          "aria-current": "page",
          "children": "PEOPLE",
          "className": "nav-link",
          "exact": true,
          "onClick": undefined,
          "to": "/people",
        },
        "ref": null,
        "rendered": "PEOPLE",
        "type": [Function],
      },
      Object {
        "instance": null,
        "key": undefined,
        "nodeType": "function",
        "props": Object {
          "activeClassName": "active",
          "aria-current": "page",
          "children": "PLANETS",
          "className": "nav-link",
          "exact": true,
          "onClick": undefined,
          "to": "/planets",
        },
        "ref": null,
        "rendered": "PLANETS",
        "type": [Function],
      },
      Object {
        "instance": null,
        "key": undefined,
        "nodeType": "function",
        "props": Object {
          "activeClassName": "active",
          "aria-current": "page",
          "children": "VEHICLES",
          "className": "nav-link",
          "exact": true,
          "to": "/vehicles",
        },
        "ref": null,
        "rendered": "VEHICLES",
        "type": [Function],
      },
      Object {
        "instance": null,
        "key": undefined,
        "nodeType": "function",
        "props": Object {
          "activeClassName": "active",
          "aria-current": "page",
          "children": "FAVORITES [num]",
          "className": "nav-link",
          "exact": true,
          "to": "/favorites",
        },
        "ref": null,
        "rendered": "FAVORITES [num]",
        "type": [Function],
      },
    ],
    "type": Object {
      "$$typeof": Symbol(react.forward_ref),
      "attrs": undefined,
      "componentStyle": ComponentStyle {
        "componentId": "sc-bdVaJa",
        "isStatic": true,
        "rules": Array [
          "
  display: flex;
  justify-content: space-evenly;
  margin-bottom: 25px;
  padding-top: 25px;
",
        ],
      },
      "displayName": "styled.div",
      "render": [Function],
      "styledComponentId": "sc-bdVaJa",
      "target": "div",
      "warnTooManyClasses": [Function],
      "withComponent": [Function],
    },
  },
  Symbol(enzyme.__nodes__): Array [
    Object {
      "instance": null,
      "key": undefined,
      "nodeType": "function",
      "props": Object {
        "children": Array [
          <NavLink
            activeClassName="active"
            aria-current="page"
            className="nav-link"
            exact={true}
            to="/people"
          >
            PEOPLE
          </NavLink>,
          <NavLink
            activeClassName="active"
            aria-current="page"
            className="nav-link"
            exact={true}
            to="/planets"
          >
            PLANETS
          </NavLink>,
          <NavLink
            activeClassName="active"
            aria-current="page"
            className="nav-link"
            exact={true}
            to="/vehicles"
          >
            VEHICLES
          </NavLink>,
          <NavLink
            activeClassName="active"
            aria-current="page"
            className="nav-link"
            exact={true}
            to="/favorites"
          >
            FAVORITES [num]
          </NavLink>,
        ],
      },
      "ref": null,
      "rendered": Array [
        Object {
          "instance": null,
          "key": undefined,
          "nodeType": "function",
          "props": Object {
            "activeClassName": "active",
            "aria-current": "page",
            "children": "PEOPLE",
            "className": "nav-link",
            "exact": true,
            "onClick": undefined,
            "to": "/people",
          },
          "ref": null,
          "rendered": "PEOPLE",
          "type": [Function],
        },
        Object {
          "instance": null,
          "key": undefined,
          "nodeType": "function",
          "props": Object {
            "activeClassName": "active",
            "aria-current": "page",
            "children": "PLANETS",
            "className": "nav-link",
            "exact": true,
            "onClick": undefined,
            "to": "/planets",
          },
          "ref": null,
          "rendered": "PLANETS",
          "type": [Function],
        },
        Object {
          "instance": null,
          "key": undefined,
          "nodeType": "function",
          "props": Object {
            "activeClassName": "active",
            "aria-current": "page",
            "children": "VEHICLES",
            "className": "nav-link",
            "exact": true,
            "to": "/vehicles",
          },
          "ref": null,
          "rendered": "VEHICLES",
          "type": [Function],
        },
        Object {
          "instance": null,
          "key": undefined,
          "nodeType": "function",
          "props": Object {
            "activeClassName": "active",
            "aria-current": "page",
            "children": "FAVORITES [num]",
            "className": "nav-link",
            "exact": true,
            "to": "/favorites",
          },
          "ref": null,
          "rendered": "FAVORITES [num]",
          "type": [Function],
        },
      ],
      "type": Object {
        "$$typeof": Symbol(react.forward_ref),
        "attrs": undefined,
        "componentStyle": ComponentStyle {
          "componentId": "sc-bdVaJa",
          "isStatic": true,
          "rules": Array [
            "
  display: flex;
  justify-content: space-evenly;
  margin-bottom: 25px;
  padding-top: 25px;
",
          ],
        },
        "displayName": "styled.div",
        "render": [Function],
        "styledComponentId": "sc-bdVaJa",
        "target": "div",
        "warnTooManyClasses": [Function],
        "withComponent": [Function],
      },
    },
  ],
  Symbol(enzyme.__options__): Object {
    "adapter": ReactSixteenAdapter {
      "options": Object {
        "enableComponentDidUpdateOnSetState": true,
        "lifecycles": Object {
          "componentDidUpdate": Object {
            "onSetState": true,
          },
          "getDerivedStateFromProps": true,
          "getSnapshotBeforeUpdate": true,
          "setState": Object {
            "skipsComponentDidUpdateOnNullish": true,
          },
        },
      },
    },
  },
}
`;
